[INFO] Scanning for projects...
[INFO] 
[INFO] ------------------------< com.app:file-server >-------------------------
[INFO] Building File Server 1.0.0
[INFO]   from pom.xml
[INFO] --------------------------------[ jar ]---------------------------------
[INFO] 
[INFO] --- clean:3.3.2:clean (default-clean) @ file-server ---
[INFO] Deleting C:\Users\lkjas\Downloads\FileServer\target
[INFO] 
[INFO] --- resources:3.3.1:resources (default-resources) @ file-server ---
[INFO] Copying 4 resources from src\main\resources to target\classes
[INFO] Copying 47 resources from src\main\resources to target\classes
[INFO] 
[INFO] --- compiler:3.11.0:compile (default-compile) @ file-server ---
[INFO] Changes detected - recompiling the module! :source
[INFO] Compiling 130 source files with javac [debug release 21] to target\classes
[INFO] Annotation processing is enabled because one or more processors were found
  on the class path. A future release of javac may disable annotation processing
  unless at least one processor is specified by name (-processor), or a search
  path is specified (--processor-path, --processor-module-path), or annotation
  processing is enabled explicitly (-proc:only, -proc:full).
  Use -Xlint:-options to suppress this message.
  Use -proc:none to disable annotation processing.
[INFO] ------------------------------------------------------------------------
[INFO] BUILD SUCCESS
[INFO] ------------------------------------------------------------------------
[INFO] Total time:  7.412 s
[INFO] Finished at: 2026-06-24T22:00:39+05:30
[INFO] ------------------------------------------------------------------------
